Archive member included to satisfy reference by file (symbol)

/home/sl/projects/stm32-blink/libopencm3/lib/libopencm3_stm32f1.a(gpio.o)
                              CMakeFiles/stm32_blink.elf.dir/main.c.obj (gpio_set_mode)
/home/sl/projects/stm32-blink/libopencm3/lib/libopencm3_stm32f1.a(rcc.o)
                              CMakeFiles/stm32_blink.elf.dir/main.c.obj (rcc_clock_setup_in_hse_8mhz_out_72mhz)
/home/sl/projects/stm32-blink/libopencm3/lib/libopencm3_stm32f1.a(gpio_common_all.o)
                              CMakeFiles/stm32_blink.elf.dir/main.c.obj (gpio_set)
/home/sl/projects/stm32-blink/libopencm3/lib/libopencm3_stm32f1.a(rcc_common_all.o)
                              CMakeFiles/stm32_blink.elf.dir/main.c.obj (rcc_periph_clock_enable)
/home/sl/projects/stm32-blink/libopencm3/lib/libopencm3_stm32f1.a(flash_common_f01.o)
                              /home/sl/projects/stm32-blink/libopencm3/lib/libopencm3_stm32f1.a(rcc.o) (flash_set_ws)
/home/sl/projects/stm32-blink/libopencm3/lib/libopencm3_stm32f1.a(vector.o)
                              (reset_handler)
/home/sl/projects/stm32-blink/libopencm3/lib/libopencm3_stm32f1.a(assert.o)
                              /home/sl/projects/stm32-blink/libopencm3/lib/libopencm3_stm32f1.a(rcc.o) (cm3_assert_failed)
/home/sl/projects/stm32-blink/libopencm3/lib/libopencm3_stm32f1.a(flash.o)
                              /home/sl/projects/stm32-blink/libopencm3/lib/libopencm3_stm32f1.a(flash_common_f01.o) (flash_get_status_flags)

Discarded input sections

 .group         0x0000000000000000        0x8 /home/sl/projects/stm32-blink/libopencm3/lib/libopencm3_stm32f1.a(gpio.o)
 .group         0x0000000000000000        0x8 /home/sl/projects/stm32-blink/libopencm3/lib/libopencm3_stm32f1.a(gpio.o)
 .group         0x0000000000000000        0x8 /home/sl/projects/stm32-blink/libopencm3/lib/libopencm3_stm32f1.a(gpio.o)
 .group         0x0000000000000000        0x8 /home/sl/projects/stm32-blink/libopencm3/lib/libopencm3_stm32f1.a(gpio.o)
 .group         0x0000000000000000        0x8 /home/sl/projects/stm32-blink/libopencm3/lib/libopencm3_stm32f1.a(gpio.o)
 .group         0x0000000000000000        0x8 /home/sl/projects/stm32-blink/libopencm3/lib/libopencm3_stm32f1.a(gpio.o)
 .group         0x0000000000000000        0x8 /home/sl/projects/stm32-blink/libopencm3/lib/libopencm3_stm32f1.a(gpio.o)
 .group         0x0000000000000000        0x8 /home/sl/projects/stm32-blink/libopencm3/lib/libopencm3_stm32f1.a(gpio.o)
 .group         0x0000000000000000        0x8 /home/sl/projects/stm32-blink/libopencm3/lib/libopencm3_stm32f1.a(gpio.o)
 .group         0x0000000000000000        0x8 /home/sl/projects/stm32-blink/libopencm3/lib/libopencm3_stm32f1.a(gpio.o)
 .group         0x0000000000000000        0x8 /home/sl/projects/stm32-blink/libopencm3/lib/libopencm3_stm32f1.a(gpio.o)
 .group         0x0000000000000000        0x8 /home/sl/projects/stm32-blink/libopencm3/lib/libopencm3_stm32f1.a(gpio.o)
 .group         0x0000000000000000        0x8 /home/sl/projects/stm32-blink/libopencm3/lib/libopencm3_stm32f1.a(rcc.o)
 .group         0x0000000000000000        0x8 /home/sl/projects/stm32-blink/libopencm3/lib/libopencm3_stm32f1.a(rcc.o)
 .group         0x0000000000000000        0x8 /home/sl/projects/stm32-blink/libopencm3/lib/libopencm3_stm32f1.a(rcc.o)
 .group         0x0000000000000000        0x8 /home/sl/projects/stm32-blink/libopencm3/lib/libopencm3_stm32f1.a(rcc.o)
 .group         0x0000000000000000        0x8 /home/sl/projects/stm32-blink/libopencm3/lib/libopencm3_stm32f1.a(rcc.o)
 .group         0x0000000000000000        0x8 /home/sl/projects/stm32-blink/libopencm3/lib/libopencm3_stm32f1.a(rcc.o)
 .group         0x0000000000000000        0x8 /home/sl/projects/stm32-blink/libopencm3/lib/libopencm3_stm32f1.a(rcc.o)
 .group         0x0000000000000000        0x8 /home/sl/projects/stm32-blink/libopencm3/lib/libopencm3_stm32f1.a(rcc.o)
 .group         0x0000000000000000        0x8 /home/sl/projects/stm32-blink/libopencm3/lib/libopencm3_stm32f1.a(rcc.o)
 .group         0x0000000000000000        0x8 /home/sl/projects/stm32-blink/libopencm3/lib/libopencm3_stm32f1.a(rcc.o)
 .group         0x0000000000000000        0x8 /home/sl/projects/stm32-blink/libopencm3/lib/libopencm3_stm32f1.a(rcc.o)
 .group         0x0000000000000000        0x8 /home/sl/projects/stm32-blink/libopencm3/lib/libopencm3_stm32f1.a(rcc.o)
 .group         0x0000000000000000        0x8 /home/sl/projects/stm32-blink/libopencm3/lib/libopencm3_stm32f1.a(rcc.o)
 .group         0x0000000000000000        0x8 /home/sl/projects/stm32-blink/libopencm3/lib/libopencm3_stm32f1.a(rcc.o)
 .debug_macro   0x0000000000000000      0x862 /home/sl/projects/stm32-blink/libopencm3/lib/libopencm3_stm32f1.a(rcc.o)
 .debug_macro   0x0000000000000000       0x22 /home/sl/projects/stm32-blink/libopencm3/lib/libopencm3_stm32f1.a(rcc.o)
 .debug_macro   0x0000000000000000       0x44 /home/sl/projects/stm32-blink/libopencm3/lib/libopencm3_stm32f1.a(rcc.o)
 .debug_macro   0x0000000000000000       0xe3 /home/sl/projects/stm32-blink/libopencm3/lib/libopencm3_stm32f1.a(rcc.o)
 .debug_macro   0x0000000000000000       0x22 /home/sl/projects/stm32-blink/libopencm3/lib/libopencm3_stm32f1.a(rcc.o)
 .debug_macro   0x0000000000000000      0x1df /home/sl/projects/stm32-blink/libopencm3/lib/libopencm3_stm32f1.a(rcc.o)
 .debug_macro   0x0000000000000000       0x22 /home/sl/projects/stm32-blink/libopencm3/lib/libopencm3_stm32f1.a(rcc.o)
 .debug_macro   0x0000000000000000       0xfa /home/sl/projects/stm32-blink/libopencm3/lib/libopencm3_stm32f1.a(rcc.o)
 .debug_macro   0x0000000000000000       0x58 /home/sl/projects/stm32-blink/libopencm3/lib/libopencm3_stm32f1.a(rcc.o)
 .debug_macro   0x0000000000000000      0x1b4 /home/sl/projects/stm32-blink/libopencm3/lib/libopencm3_stm32f1.a(rcc.o)
 .group         0x0000000000000000        0x8 /home/sl/projects/stm32-blink/libopencm3/lib/libopencm3_stm32f1.a(gpio_common_all.o)
 .group         0x0000000000000000        0x8 /home/sl/projects/stm32-blink/libopencm3/lib/libopencm3_stm32f1.a(gpio_common_all.o)
 .group         0x0000000000000000        0x8 /home/sl/projects/stm32-blink/libopencm3/lib/libopencm3_stm32f1.a(gpio_common_all.o)
 .group         0x0000000000000000        0x8 /home/sl/projects/stm32-blink/libopencm3/lib/libopencm3_stm32f1.a(gpio_common_all.o)
 .group         0x0000000000000000        0x8 /home/sl/projects/stm32-blink/libopencm3/lib/libopencm3_stm32f1.a(gpio_common_all.o)
 .group         0x0000000000000000        0x8 /home/sl/projects/stm32-blink/libopencm3/lib/libopencm3_stm32f1.a(gpio_common_all.o)
 .group         0x0000000000000000        0x8 /home/sl/projects/stm32-blink/libopencm3/lib/libopencm3_stm32f1.a(gpio_common_all.o)
 .group         0x0000000000000000        0x8 /home/sl/projects/stm32-blink/libopencm3/lib/libopencm3_stm32f1.a(gpio_common_all.o)
 .group         0x0000000000000000        0x8 /home/sl/projects/stm32-blink/libopencm3/lib/libopencm3_stm32f1.a(gpio_common_all.o)
 .group         0x0000000000000000        0x8 /home/sl/projects/stm32-blink/libopencm3/lib/libopencm3_stm32f1.a(gpio_common_all.o)
 .group         0x0000000000000000        0x8 /home/sl/projects/stm32-blink/libopencm3/lib/libopencm3_stm32f1.a(gpio_common_all.o)
 .group         0x0000000000000000        0x8 /home/sl/projects/stm32-blink/libopencm3/lib/libopencm3_stm32f1.a(gpio_common_all.o)
 .debug_macro   0x0000000000000000      0x862 /home/sl/projects/stm32-blink/libopencm3/lib/libopencm3_stm32f1.a(gpio_common_all.o)
 .debug_macro   0x0000000000000000       0x22 /home/sl/projects/stm32-blink/libopencm3/lib/libopencm3_stm32f1.a(gpio_common_all.o)
 .debug_macro   0x0000000000000000       0x44 /home/sl/projects/stm32-blink/libopencm3/lib/libopencm3_stm32f1.a(gpio_common_all.o)
 .debug_macro   0x0000000000000000       0xe3 /home/sl/projects/stm32-blink/libopencm3/lib/libopencm3_stm32f1.a(gpio_common_all.o)
 .debug_macro   0x0000000000000000       0x22 /home/sl/projects/stm32-blink/libopencm3/lib/libopencm3_stm32f1.a(gpio_common_all.o)
 .debug_macro   0x0000000000000000      0x1df /home/sl/projects/stm32-blink/libopencm3/lib/libopencm3_stm32f1.a(gpio_common_all.o)
 .debug_macro   0x0000000000000000       0x22 /home/sl/projects/stm32-blink/libopencm3/lib/libopencm3_stm32f1.a(gpio_common_all.o)
 .debug_macro   0x0000000000000000       0xfa /home/sl/projects/stm32-blink/libopencm3/lib/libopencm3_stm32f1.a(gpio_common_all.o)
 .debug_macro   0x0000000000000000       0x58 /home/sl/projects/stm32-blink/libopencm3/lib/libopencm3_stm32f1.a(gpio_common_all.o)
 .debug_macro   0x0000000000000000      0x1b4 /home/sl/projects/stm32-blink/libopencm3/lib/libopencm3_stm32f1.a(gpio_common_all.o)
 .debug_macro   0x0000000000000000       0x76 /home/sl/projects/stm32-blink/libopencm3/lib/libopencm3_stm32f1.a(gpio_common_all.o)
 .debug_macro   0x0000000000000000      0xdfd /home/sl/projects/stm32-blink/libopencm3/lib/libopencm3_stm32f1.a(gpio_common_all.o)
 .group         0x0000000000000000        0x8 /home/sl/projects/stm32-blink/libopencm3/lib/libopencm3_stm32f1.a(rcc_common_all.o)
 .group         0x0000000000000000        0x8 /home/sl/projects/stm32-blink/libopencm3/lib/libopencm3_stm32f1.a(rcc_common_all.o)
 .group         0x0000000000000000        0x8 /home/sl/projects/stm32-blink/libopencm3/lib/libopencm3_stm32f1.a(rcc_common_all.o)
 .group         0x0000000000000000        0x8 /home/sl/projects/stm32-blink/libopencm3/lib/libopencm3_stm32f1.a(rcc_common_all.o)
 .group         0x0000000000000000        0x8 /home/sl/projects/stm32-blink/libopencm3/lib/libopencm3_stm32f1.a(rcc_common_all.o)
 .group         0x0000000000000000        0x8 /home/sl/projects/stm32-blink/libopencm3/lib/libopencm3_stm32f1.a(rcc_common_all.o)
 .group         0x0000000000000000        0x8 /home/sl/projects/stm32-blink/libopencm3/lib/libopencm3_stm32f1.a(rcc_common_all.o)
 .group         0x0000000000000000        0x8 /home/sl/projects/stm32-blink/libopencm3/lib/libopencm3_stm32f1.a(rcc_common_all.o)
 .group         0x0000000000000000        0x8 /home/sl/projects/stm32-blink/libopencm3/lib/libopencm3_stm32f1.a(rcc_common_all.o)
 .group         0x0000000000000000        0x8 /home/sl/projects/stm32-blink/libopencm3/lib/libopencm3_stm32f1.a(rcc_common_all.o)
 .group         0x0000000000000000        0x8 /home/sl/projects/stm32-blink/libopencm3/lib/libopencm3_stm32f1.a(rcc_common_all.o)
 .debug_macro   0x0000000000000000      0x862 /home/sl/projects/stm32-blink/libopencm3/lib/libopencm3_stm32f1.a(rcc_common_all.o)
 .debug_macro   0x0000000000000000       0x22 /home/sl/projects/stm32-blink/libopencm3/lib/libopencm3_stm32f1.a(rcc_common_all.o)
 .debug_macro   0x0000000000000000       0x44 /home/sl/projects/stm32-blink/libopencm3/lib/libopencm3_stm32f1.a(rcc_common_all.o)
 .debug_macro   0x0000000000000000       0xe3 /home/sl/projects/stm32-blink/libopencm3/lib/libopencm3_stm32f1.a(rcc_common_all.o)
 .debug_macro   0x0000000000000000       0x22 /home/sl/projects/stm32-blink/libopencm3/lib/libopencm3_stm32f1.a(rcc_common_all.o)
 .debug_macro   0x0000000000000000      0x1df /home/sl/projects/stm32-blink/libopencm3/lib/libopencm3_stm32f1.a(rcc_common_all.o)
 .debug_macro   0x0000000000000000       0x22 /home/sl/projects/stm32-blink/libopencm3/lib/libopencm3_stm32f1.a(rcc_common_all.o)
 .debug_macro   0x0000000000000000       0xfa /home/sl/projects/stm32-blink/libopencm3/lib/libopencm3_stm32f1.a(rcc_common_all.o)
 .debug_macro   0x0000000000000000       0x58 /home/sl/projects/stm32-blink/libopencm3/lib/libopencm3_stm32f1.a(rcc_common_all.o)
 .debug_macro   0x0000000000000000      0x1b4 /home/sl/projects/stm32-blink/libopencm3/lib/libopencm3_stm32f1.a(rcc_common_all.o)
 .debug_macro   0x0000000000000000      0x825 /home/sl/projects/stm32-blink/libopencm3/lib/libopencm3_stm32f1.a(rcc_common_all.o)
 .group         0x0000000000000000        0x8 /home/sl/projects/stm32-blink/libopencm3/lib/libopencm3_stm32f1.a(flash_common_f01.o)
 .group         0x0000000000000000        0x8 /home/sl/projects/stm32-blink/libopencm3/lib/libopencm3_stm32f1.a(flash_common_f01.o)
 .group         0x0000000000000000        0x8 /home/sl/projects/stm32-blink/libopencm3/lib/libopencm3_stm32f1.a(flash_common_f01.o)
 .group         0x0000000000000000        0x8 /home/sl/projects/stm32-blink/libopencm3/lib/libopencm3_stm32f1.a(flash_common_f01.o)
 .group         0x0000000000000000        0x8 /home/sl/projects/stm32-blink/libopencm3/lib/libopencm3_stm32f1.a(flash_common_f01.o)
 .group         0x0000000000000000        0x8 /home/sl/projects/stm32-blink/libopencm3/lib/libopencm3_stm32f1.a(flash_common_f01.o)
 .group         0x0000000000000000        0x8 /home/sl/projects/stm32-blink/libopencm3/lib/libopencm3_stm32f1.a(flash_common_f01.o)
 .group         0x0000000000000000        0x8 /home/sl/projects/stm32-blink/libopencm3/lib/libopencm3_stm32f1.a(flash_common_f01.o)
 .group         0x0000000000000000        0x8 /home/sl/projects/stm32-blink/libopencm3/lib/libopencm3_stm32f1.a(flash_common_f01.o)
 .group         0x0000000000000000        0x8 /home/sl/projects/stm32-blink/libopencm3/lib/libopencm3_stm32f1.a(flash_common_f01.o)
 .group         0x0000000000000000        0x8 /home/sl/projects/stm32-blink/libopencm3/lib/libopencm3_stm32f1.a(flash_common_f01.o)
 .group         0x0000000000000000        0x8 /home/sl/projects/stm32-blink/libopencm3/lib/libopencm3_stm32f1.a(flash_common_f01.o)
 .debug_macro   0x0000000000000000      0x862 /home/sl/projects/stm32-blink/libopencm3/lib/libopencm3_stm32f1.a(flash_common_f01.o)
 .debug_macro   0x0000000000000000       0x22 /home/sl/projects/stm32-blink/libopencm3/lib/libopencm3_stm32f1.a(flash_common_f01.o)
 .debug_macro   0x0000000000000000       0x44 /home/sl/projects/stm32-blink/libopencm3/lib/libopencm3_stm32f1.a(flash_common_f01.o)
 .debug_macro   0x0000000000000000       0xe3 /home/sl/projects/stm32-blink/libopencm3/lib/libopencm3_stm32f1.a(flash_common_f01.o)
 .debug_macro   0x0000000000000000       0x22 /home/sl/projects/stm32-blink/libopencm3/lib/libopencm3_stm32f1.a(flash_common_f01.o)
 .debug_macro   0x0000000000000000      0x1df /home/sl/projects/stm32-blink/libopencm3/lib/libopencm3_stm32f1.a(flash_common_f01.o)
 .debug_macro   0x0000000000000000       0x22 /home/sl/projects/stm32-blink/libopencm3/lib/libopencm3_stm32f1.a(flash_common_f01.o)
 .debug_macro   0x0000000000000000       0xfa /home/sl/projects/stm32-blink/libopencm3/lib/libopencm3_stm32f1.a(flash_common_f01.o)
 .debug_macro   0x0000000000000000       0x58 /home/sl/projects/stm32-blink/libopencm3/lib/libopencm3_stm32f1.a(flash_common_f01.o)
 .debug_macro   0x0000000000000000      0x1b4 /home/sl/projects/stm32-blink/libopencm3/lib/libopencm3_stm32f1.a(flash_common_f01.o)
 .debug_macro   0x0000000000000000       0xdc /home/sl/projects/stm32-blink/libopencm3/lib/libopencm3_stm32f1.a(flash_common_f01.o)
 .debug_macro   0x0000000000000000       0x82 /home/sl/projects/stm32-blink/libopencm3/lib/libopencm3_stm32f1.a(flash_common_f01.o)
 .group         0x0000000000000000        0x8 /home/sl/projects/stm32-blink/libopencm3/lib/libopencm3_stm32f1.a(vector.o)
 .group         0x0000000000000000        0x8 /home/sl/projects/stm32-blink/libopencm3/lib/libopencm3_stm32f1.a(vector.o)
 .group         0x0000000000000000        0x8 /home/sl/projects/stm32-blink/libopencm3/lib/libopencm3_stm32f1.a(vector.o)
 .group         0x0000000000000000        0x8 /home/sl/projects/stm32-blink/libopencm3/lib/libopencm3_stm32f1.a(vector.o)
 .group         0x0000000000000000        0x8 /home/sl/projects/stm32-blink/libopencm3/lib/libopencm3_stm32f1.a(vector.o)
 .group         0x0000000000000000        0x8 /home/sl/projects/stm32-blink/libopencm3/lib/libopencm3_stm32f1.a(vector.o)
 .group         0x0000000000000000        0x8 /home/sl/projects/stm32-blink/libopencm3/lib/libopencm3_stm32f1.a(vector.o)
 .group         0x0000000000000000        0x8 /home/sl/projects/stm32-blink/libopencm3/lib/libopencm3_stm32f1.a(vector.o)
 .group         0x0000000000000000        0x8 /home/sl/projects/stm32-blink/libopencm3/lib/libopencm3_stm32f1.a(vector.o)
 .group         0x0000000000000000        0x8 /home/sl/projects/stm32-blink/libopencm3/lib/libopencm3_stm32f1.a(vector.o)
 .group         0x0000000000000000        0x8 /home/sl/projects/stm32-blink/libopencm3/lib/libopencm3_stm32f1.a(vector.o)
 .group         0x0000000000000000        0x8 /home/sl/projects/stm32-blink/libopencm3/lib/libopencm3_stm32f1.a(vector.o)
 .debug_macro   0x0000000000000000      0x862 /home/sl/projects/stm32-blink/libopencm3/lib/libopencm3_stm32f1.a(vector.o)
 .debug_macro   0x0000000000000000       0x58 /home/sl/projects/stm32-blink/libopencm3/lib/libopencm3_stm32f1.a(vector.o)
 .debug_macro   0x0000000000000000       0x22 /home/sl/projects/stm32-blink/libopencm3/lib/libopencm3_stm32f1.a(vector.o)
 .debug_macro   0x0000000000000000       0x44 /home/sl/projects/stm32-blink/libopencm3/lib/libopencm3_stm32f1.a(vector.o)
 .debug_macro   0x0000000000000000       0xe3 /home/sl/projects/stm32-blink/libopencm3/lib/libopencm3_stm32f1.a(vector.o)
 .debug_macro   0x0000000000000000       0x22 /home/sl/projects/stm32-blink/libopencm3/lib/libopencm3_stm32f1.a(vector.o)
 .debug_macro   0x0000000000000000      0x1df /home/sl/projects/stm32-blink/libopencm3/lib/libopencm3_stm32f1.a(vector.o)
 .debug_macro   0x0000000000000000       0x22 /home/sl/projects/stm32-blink/libopencm3/lib/libopencm3_stm32f1.a(vector.o)
 .debug_macro   0x0000000000000000       0xfa /home/sl/projects/stm32-blink/libopencm3/lib/libopencm3_stm32f1.a(vector.o)
 .group         0x0000000000000000        0x8 /home/sl/projects/stm32-blink/libopencm3/lib/libopencm3_stm32f1.a(assert.o)
 .group         0x0000000000000000        0x8 /home/sl/projects/stm32-blink/libopencm3/lib/libopencm3_stm32f1.a(assert.o)
 .group         0x0000000000000000        0x8 /home/sl/projects/stm32-blink/libopencm3/lib/libopencm3_stm32f1.a(assert.o)
 .group         0x0000000000000000        0x8 /home/sl/projects/stm32-blink/libopencm3/lib/libopencm3_stm32f1.a(assert.o)
 .group         0x0000000000000000        0x8 /home/sl/projects/stm32-blink/libopencm3/lib/libopencm3_stm32f1.a(assert.o)
 .group         0x0000000000000000        0x8 /home/sl/projects/stm32-blink/libopencm3/lib/libopencm3_stm32f1.a(assert.o)
 .group         0x0000000000000000        0x8 /home/sl/projects/stm32-blink/libopencm3/lib/libopencm3_stm32f1.a(assert.o)
 .group         0x0000000000000000        0x8 /home/sl/projects/stm32-blink/libopencm3/lib/libopencm3_stm32f1.a(assert.o)
 .group         0x0000000000000000        0x8 /home/sl/projects/stm32-blink/libopencm3/lib/libopencm3_stm32f1.a(assert.o)
 .debug_macro   0x0000000000000000      0x862 /home/sl/projects/stm32-blink/libopencm3/lib/libopencm3_stm32f1.a(assert.o)
 .debug_macro   0x0000000000000000       0x22 /home/sl/projects/stm32-blink/libopencm3/lib/libopencm3_stm32f1.a(assert.o)
 .debug_macro   0x0000000000000000       0x44 /home/sl/projects/stm32-blink/libopencm3/lib/libopencm3_stm32f1.a(assert.o)
 .debug_macro   0x0000000000000000       0xe3 /home/sl/projects/stm32-blink/libopencm3/lib/libopencm3_stm32f1.a(assert.o)
 .debug_macro   0x0000000000000000       0x22 /home/sl/projects/stm32-blink/libopencm3/lib/libopencm3_stm32f1.a(assert.o)
 .debug_macro   0x0000000000000000      0x1df /home/sl/projects/stm32-blink/libopencm3/lib/libopencm3_stm32f1.a(assert.o)
 .debug_macro   0x0000000000000000       0x22 /home/sl/projects/stm32-blink/libopencm3/lib/libopencm3_stm32f1.a(assert.o)
 .debug_macro   0x0000000000000000       0xfa /home/sl/projects/stm32-blink/libopencm3/lib/libopencm3_stm32f1.a(assert.o)
 .debug_macro   0x0000000000000000       0x16 /home/sl/projects/stm32-blink/libopencm3/lib/libopencm3_stm32f1.a(assert.o)
 .group         0x0000000000000000        0x8 /home/sl/projects/stm32-blink/libopencm3/lib/libopencm3_stm32f1.a(flash.o)
 .group         0x0000000000000000        0x8 /home/sl/projects/stm32-blink/libopencm3/lib/libopencm3_stm32f1.a(flash.o)
 .group         0x0000000000000000        0x8 /home/sl/projects/stm32-blink/libopencm3/lib/libopencm3_stm32f1.a(flash.o)
 .group         0x0000000000000000        0x8 /home/sl/projects/stm32-blink/libopencm3/lib/libopencm3_stm32f1.a(flash.o)
 .group         0x0000000000000000        0x8 /home/sl/projects/stm32-blink/libopencm3/lib/libopencm3_stm32f1.a(flash.o)
 .group         0x0000000000000000        0x8 /home/sl/projects/stm32-blink/libopencm3/lib/libopencm3_stm32f1.a(flash.o)
 .group         0x0000000000000000        0x8 /home/sl/projects/stm32-blink/libopencm3/lib/libopencm3_stm32f1.a(flash.o)
 .group         0x0000000000000000        0x8 /home/sl/projects/stm32-blink/libopencm3/lib/libopencm3_stm32f1.a(flash.o)
 .group         0x0000000000000000        0x8 /home/sl/projects/stm32-blink/libopencm3/lib/libopencm3_stm32f1.a(flash.o)
 .group         0x0000000000000000        0x8 /home/sl/projects/stm32-blink/libopencm3/lib/libopencm3_stm32f1.a(flash.o)
 .group         0x0000000000000000        0x8 /home/sl/projects/stm32-blink/libopencm3/lib/libopencm3_stm32f1.a(flash.o)
 .group         0x0000000000000000        0x8 /home/sl/projects/stm32-blink/libopencm3/lib/libopencm3_stm32f1.a(flash.o)
 .debug_macro   0x0000000000000000      0x862 /home/sl/projects/stm32-blink/libopencm3/lib/libopencm3_stm32f1.a(flash.o)
 .debug_macro   0x0000000000000000       0x22 /home/sl/projects/stm32-blink/libopencm3/lib/libopencm3_stm32f1.a(flash.o)
 .debug_macro   0x0000000000000000       0x44 /home/sl/projects/stm32-blink/libopencm3/lib/libopencm3_stm32f1.a(flash.o)
 .debug_macro   0x0000000000000000       0xe3 /home/sl/projects/stm32-blink/libopencm3/lib/libopencm3_stm32f1.a(flash.o)
 .debug_macro   0x0000000000000000       0x22 /home/sl/projects/stm32-blink/libopencm3/lib/libopencm3_stm32f1.a(flash.o)
 .debug_macro   0x0000000000000000      0x1df /home/sl/projects/stm32-blink/libopencm3/lib/libopencm3_stm32f1.a(flash.o)
 .debug_macro   0x0000000000000000       0x22 /home/sl/projects/stm32-blink/libopencm3/lib/libopencm3_stm32f1.a(flash.o)
 .debug_macro   0x0000000000000000       0xfa /home/sl/projects/stm32-blink/libopencm3/lib/libopencm3_stm32f1.a(flash.o)
 .debug_macro   0x0000000000000000       0x58 /home/sl/projects/stm32-blink/libopencm3/lib/libopencm3_stm32f1.a(flash.o)
 .debug_macro   0x0000000000000000      0x1b4 /home/sl/projects/stm32-blink/libopencm3/lib/libopencm3_stm32f1.a(flash.o)
 .debug_macro   0x0000000000000000       0xdc /home/sl/projects/stm32-blink/libopencm3/lib/libopencm3_stm32f1.a(flash.o)
 .debug_macro   0x0000000000000000       0x82 /home/sl/projects/stm32-blink/libopencm3/lib/libopencm3_stm32f1.a(flash.o)

Memory Configuration

Name             Origin             Length             Attributes
rom              0x0000000008000000 0x0000000000010000 xr
ram              0x0000000020000000 0x0000000000005000 xrw
*default*        0x0000000000000000 0xffffffffffffffff

Linker script and memory map

LOAD CMakeFiles/stm32_blink.elf.dir/main.c.obj
LOAD /home/sl/projects/stm32-blink/libopencm3/lib/libopencm3_stm32f1.a
START GROUP
LOAD /usr/lib/gcc/arm-none-eabi/4.9.3/armv7-m/libgcc.a
LOAD /usr/lib/gcc/arm-none-eabi/4.9.3/../../../arm-none-eabi/lib/armv7-m/libg.a
LOAD /usr/lib/gcc/arm-none-eabi/4.9.3/../../../arm-none-eabi/lib/armv7-m/libc.a
END GROUP
START GROUP
LOAD /usr/lib/gcc/arm-none-eabi/4.9.3/armv7-m/libgcc.a
LOAD /usr/lib/gcc/arm-none-eabi/4.9.3/../../../arm-none-eabi/lib/armv7-m/libc.a
LOAD /usr/lib/gcc/arm-none-eabi/4.9.3/../../../arm-none-eabi/lib/armv7-m/librdimon.a
END GROUP

.text           0x0000000008000000     0x1164
 *(.vectors)
 .vectors       0x0000000008000000      0x150 /home/sl/projects/stm32-blink/libopencm3/lib/libopencm3_stm32f1.a(vector.o)
                0x0000000008000000                vector_table
 *(.text*)
 .text          0x0000000008000150       0xd0 CMakeFiles/stm32_blink.elf.dir/main.c.obj
                0x00000000080001c0                main
 .text          0x0000000008000220        0x0 /home/sl/projects/stm32-blink/libopencm3/lib/libopencm3_stm32f1.a(gpio.o)
 .text.gpio_set_mode
                0x0000000008000220       0x64 /home/sl/projects/stm32-blink/libopencm3/lib/libopencm3_stm32f1.a(gpio.o)
                0x0000000008000220                gpio_set_mode
 .text.gpio_set_eventout
                0x0000000008000284       0x10 /home/sl/projects/stm32-blink/libopencm3/lib/libopencm3_stm32f1.a(gpio.o)
                0x0000000008000284                gpio_set_eventout
 .text.gpio_primary_remap
                0x0000000008000294       0x14 /home/sl/projects/stm32-blink/libopencm3/lib/libopencm3_stm32f1.a(gpio.o)
                0x0000000008000294                gpio_primary_remap
 .text.gpio_secondary_remap
                0x00000000080002a8       0x10 /home/sl/projects/stm32-blink/libopencm3/lib/libopencm3_stm32f1.a(gpio.o)
                0x00000000080002a8                gpio_secondary_remap
 .text          0x00000000080002b8        0x0 /home/sl/projects/stm32-blink/libopencm3/lib/libopencm3_stm32f1.a(rcc.o)
 .text.rcc_osc_on.part.1
                0x00000000080002b8       0x10 /home/sl/projects/stm32-blink/libopencm3/lib/libopencm3_stm32f1.a(rcc.o)
 .text.rcc_osc_ready_int_clear
                0x00000000080002c8       0x5c /home/sl/projects/stm32-blink/libopencm3/lib/libopencm3_stm32f1.a(rcc.o)
                0x00000000080002c8                rcc_osc_ready_int_clear
 .text.rcc_osc_ready_int_enable
                0x0000000008000324       0x5c /home/sl/projects/stm32-blink/libopencm3/lib/libopencm3_stm32f1.a(rcc.o)
                0x0000000008000324                rcc_osc_ready_int_enable
 .text.rcc_osc_ready_int_disable
                0x0000000008000380       0x5c /home/sl/projects/stm32-blink/libopencm3/lib/libopencm3_stm32f1.a(rcc.o)
                0x0000000008000380                rcc_osc_ready_int_disable
 .text.rcc_osc_ready_int_flag
                0x00000000080003dc       0x54 /home/sl/projects/stm32-blink/libopencm3/lib/libopencm3_stm32f1.a(rcc.o)
                0x00000000080003dc                rcc_osc_ready_int_flag
 .text.rcc_css_int_clear
                0x0000000008000430       0x10 /home/sl/projects/stm32-blink/libopencm3/lib/libopencm3_stm32f1.a(rcc.o)
                0x0000000008000430                rcc_css_int_clear
 .text.rcc_css_int_flag
                0x0000000008000440       0x10 /home/sl/projects/stm32-blink/libopencm3/lib/libopencm3_stm32f1.a(rcc.o)
                0x0000000008000440                rcc_css_int_flag
 .text.rcc_is_osc_ready
                0x0000000008000450       0x5c /home/sl/projects/stm32-blink/libopencm3/lib/libopencm3_stm32f1.a(rcc.o)
                0x0000000008000450                rcc_is_osc_ready
 .text.rcc_wait_for_osc_ready
                0x00000000080004ac       0x10 /home/sl/projects/stm32-blink/libopencm3/lib/libopencm3_stm32f1.a(rcc.o)
                0x00000000080004ac                rcc_wait_for_osc_ready
 .text.rcc_osc_on
                0x00000000080004bc       0x54 /home/sl/projects/stm32-blink/libopencm3/lib/libopencm3_stm32f1.a(rcc.o)
                0x00000000080004bc                rcc_osc_on
 .text.rcc_osc_off
                0x0000000008000510       0x58 /home/sl/projects/stm32-blink/libopencm3/lib/libopencm3_stm32f1.a(rcc.o)
                0x0000000008000510                rcc_osc_off
 .text.rcc_css_enable
                0x0000000008000568       0x10 /home/sl/projects/stm32-blink/libopencm3/lib/libopencm3_stm32f1.a(rcc.o)
                0x0000000008000568                rcc_css_enable
 .text.rcc_css_disable
                0x0000000008000578       0x10 /home/sl/projects/stm32-blink/libopencm3/lib/libopencm3_stm32f1.a(rcc.o)
                0x0000000008000578                rcc_css_disable
 .text.rcc_osc_bypass_enable
                0x0000000008000588       0x28 /home/sl/projects/stm32-blink/libopencm3/lib/libopencm3_stm32f1.a(rcc.o)
                0x0000000008000588                rcc_osc_bypass_enable
 .text.rcc_osc_bypass_disable
                0x00000000080005b0       0x28 /home/sl/projects/stm32-blink/libopencm3/lib/libopencm3_stm32f1.a(rcc.o)
                0x00000000080005b0                rcc_osc_bypass_disable
 .text.rcc_set_sysclk_source
                0x00000000080005d8       0x14 /home/sl/projects/stm32-blink/libopencm3/lib/libopencm3_stm32f1.a(rcc.o)
                0x00000000080005d8                rcc_set_sysclk_source
 .text.rcc_set_pll_multiplication_factor
                0x00000000080005ec       0x14 /home/sl/projects/stm32-blink/libopencm3/lib/libopencm3_stm32f1.a(rcc.o)
                0x00000000080005ec                rcc_set_pll_multiplication_factor
 .text.rcc_set_pll2_multiplication_factor
                0x0000000008000600       0x14 /home/sl/projects/stm32-blink/libopencm3/lib/libopencm3_stm32f1.a(rcc.o)
                0x0000000008000600                rcc_set_pll2_multiplication_factor
 .text.rcc_set_pll3_multiplication_factor
                0x0000000008000614       0x14 /home/sl/projects/stm32-blink/libopencm3/lib/libopencm3_stm32f1.a(rcc.o)
                0x0000000008000614                rcc_set_pll3_multiplication_factor
 .text.rcc_set_pll_source
                0x0000000008000628       0x14 /home/sl/projects/stm32-blink/libopencm3/lib/libopencm3_stm32f1.a(rcc.o)
                0x0000000008000628                rcc_set_pll_source
 .text.rcc_set_pllxtpre
                0x000000000800063c       0x14 /home/sl/projects/stm32-blink/libopencm3/lib/libopencm3_stm32f1.a(rcc.o)
                0x000000000800063c                rcc_set_pllxtpre
 .text.rcc_rtc_clock_enabled_flag
                0x0000000008000650       0x10 /home/sl/projects/stm32-blink/libopencm3/lib/libopencm3_stm32f1.a(rcc.o)
                0x0000000008000650                rcc_rtc_clock_enabled_flag
 .text.rcc_enable_rtc_clock
                0x0000000008000660       0x10 /home/sl/projects/stm32-blink/libopencm3/lib/libopencm3_stm32f1.a(rcc.o)
                0x0000000008000660                rcc_enable_rtc_clock
 .text.rcc_set_rtc_clock_source
                0x0000000008000670       0x90 /home/sl/projects/stm32-blink/libopencm3/lib/libopencm3_stm32f1.a(rcc.o)
                0x0000000008000670                rcc_set_rtc_clock_source
 .text.rcc_set_adcpre
                0x0000000008000700       0x14 /home/sl/projects/stm32-blink/libopencm3/lib/libopencm3_stm32f1.a(rcc.o)
                0x0000000008000700                rcc_set_adcpre
 .text.rcc_set_ppre2
                0x0000000008000714       0x14 /home/sl/projects/stm32-blink/libopencm3/lib/libopencm3_stm32f1.a(rcc.o)
                0x0000000008000714                rcc_set_ppre2
 .text.rcc_set_ppre1
                0x0000000008000728       0x14 /home/sl/projects/stm32-blink/libopencm3/lib/libopencm3_stm32f1.a(rcc.o)
                0x0000000008000728                rcc_set_ppre1
 .text.rcc_set_hpre
                0x000000000800073c       0x14 /home/sl/projects/stm32-blink/libopencm3/lib/libopencm3_stm32f1.a(rcc.o)
                0x000000000800073c                rcc_set_hpre
 .text.rcc_set_usbpre
                0x0000000008000750       0x18 /home/sl/projects/stm32-blink/libopencm3/lib/libopencm3_stm32f1.a(rcc.o)
                0x0000000008000750                rcc_set_usbpre
 .text.rcc_set_prediv1
                0x0000000008000768       0x14 /home/sl/projects/stm32-blink/libopencm3/lib/libopencm3_stm32f1.a(rcc.o)
                0x0000000008000768                rcc_set_prediv1
 .text.rcc_set_prediv2
                0x000000000800077c       0x14 /home/sl/projects/stm32-blink/libopencm3/lib/libopencm3_stm32f1.a(rcc.o)
                0x000000000800077c                rcc_set_prediv2
 .text.rcc_set_prediv1_source
                0x0000000008000790       0x18 /home/sl/projects/stm32-blink/libopencm3/lib/libopencm3_stm32f1.a(rcc.o)
                0x0000000008000790                rcc_set_prediv1_source
 .text.rcc_system_clock_source
                0x00000000080007a8       0x10 /home/sl/projects/stm32-blink/libopencm3/lib/libopencm3_stm32f1.a(rcc.o)
                0x00000000080007a8                rcc_system_clock_source
 .text.rcc_clock_setup_in_hsi_out_64mhz
                0x00000000080007b8       0x74 /home/sl/projects/stm32-blink/libopencm3/lib/libopencm3_stm32f1.a(rcc.o)
                0x00000000080007b8                rcc_clock_setup_in_hsi_out_64mhz
 .text.rcc_clock_setup_in_hsi_out_48mhz
                0x000000000800082c       0x84 /home/sl/projects/stm32-blink/libopencm3/lib/libopencm3_stm32f1.a(rcc.o)
                0x000000000800082c                rcc_clock_setup_in_hsi_out_48mhz
 .text.rcc_clock_setup_in_hsi_out_24mhz
                0x00000000080008b0       0x70 /home/sl/projects/stm32-blink/libopencm3/lib/libopencm3_stm32f1.a(rcc.o)
                0x00000000080008b0                rcc_clock_setup_in_hsi_out_24mhz
 .text.rcc_clock_setup_in_hse_8mhz_out_24mhz
                0x0000000008000920       0x88 /home/sl/projects/stm32-blink/libopencm3/lib/libopencm3_stm32f1.a(rcc.o)
                0x0000000008000920                rcc_clock_setup_in_hse_8mhz_out_24mhz
 .text.rcc_clock_setup_in_hse_8mhz_out_72mhz
                0x00000000080009a8       0x8c /home/sl/projects/stm32-blink/libopencm3/lib/libopencm3_stm32f1.a(rcc.o)
                0x00000000080009a8                rcc_clock_setup_in_hse_8mhz_out_72mhz
 .text.rcc_clock_setup_in_hse_12mhz_out_72mhz
                0x0000000008000a34       0x8c /home/sl/projects/stm32-blink/libopencm3/lib/libopencm3_stm32f1.a(rcc.o)
                0x0000000008000a34                rcc_clock_setup_in_hse_12mhz_out_72mhz
 .text.rcc_clock_setup_in_hse_16mhz_out_72mhz
                0x0000000008000ac0       0x8c /home/sl/projects/stm32-blink/libopencm3/lib/libopencm3_stm32f1.a(rcc.o)
                0x0000000008000ac0                rcc_clock_setup_in_hse_16mhz_out_72mhz
 .text.rcc_clock_setup_in_hse_25mhz_out_72mhz
                0x0000000008000b4c       0xac /home/sl/projects/stm32-blink/libopencm3/lib/libopencm3_stm32f1.a(rcc.o)
                0x0000000008000b4c                rcc_clock_setup_in_hse_25mhz_out_72mhz
 .text.rcc_backupdomain_reset
                0x0000000008000bf8       0x18 /home/sl/projects/stm32-blink/libopencm3/lib/libopencm3_stm32f1.a(rcc.o)
                0x0000000008000bf8                rcc_backupdomain_reset
 .text          0x0000000008000c10        0x0 /home/sl/projects/stm32-blink/libopencm3/lib/libopencm3_stm32f1.a(gpio_common_all.o)
 .text.gpio_set
                0x0000000008000c10        0x4 /home/sl/projects/stm32-blink/libopencm3/lib/libopencm3_stm32f1.a(gpio_common_all.o)
                0x0000000008000c10                gpio_set
 .text.gpio_clear
                0x0000000008000c14        0x6 /home/sl/projects/stm32-blink/libopencm3/lib/libopencm3_stm32f1.a(gpio_common_all.o)
                0x0000000008000c14                gpio_clear
 .text.gpio_get
                0x0000000008000c1a        0x6 /home/sl/projects/stm32-blink/libopencm3/lib/libopencm3_stm32f1.a(gpio_common_all.o)
                0x0000000008000c1a                gpio_get
 .text.gpio_toggle
                0x0000000008000c20       0x10 /home/sl/projects/stm32-blink/libopencm3/lib/libopencm3_stm32f1.a(gpio_common_all.o)
                0x0000000008000c20                gpio_toggle
 .text.gpio_port_read
                0x0000000008000c30        0x6 /home/sl/projects/stm32-blink/libopencm3/lib/libopencm3_stm32f1.a(gpio_common_all.o)
                0x0000000008000c30                gpio_port_read
 .text.gpio_port_write
                0x0000000008000c36        0x4 /home/sl/projects/stm32-blink/libopencm3/lib/libopencm3_stm32f1.a(gpio_common_all.o)
                0x0000000008000c36                gpio_port_write
 .text.gpio_port_config_lock
                0x0000000008000c3a       0x10 /home/sl/projects/stm32-blink/libopencm3/lib/libopencm3_stm32f1.a(gpio_common_all.o)
                0x0000000008000c3a                gpio_port_config_lock
 .text          0x0000000008000c4a        0x0 /home/sl/projects/stm32-blink/libopencm3/lib/libopencm3_stm32f1.a(rcc_common_all.o)
 .text.rcc_peripheral_enable_clock
                0x0000000008000c4a        0x8 /home/sl/projects/stm32-blink/libopencm3/lib/libopencm3_stm32f1.a(rcc_common_all.o)
                0x0000000008000c4a                rcc_peripheral_enable_clock
 .text.rcc_peripheral_disable_clock
                0x0000000008000c52        0xa /home/sl/projects/stm32-blink/libopencm3/lib/libopencm3_stm32f1.a(rcc_common_all.o)
                0x0000000008000c52                rcc_peripheral_disable_clock
 .text.rcc_peripheral_reset
                0x0000000008000c5c        0x8 /home/sl/projects/stm32-blink/libopencm3/lib/libopencm3_stm32f1.a(rcc_common_all.o)
                0x0000000008000c5c                rcc_peripheral_reset
 .text.rcc_peripheral_clear_reset
                0x0000000008000c64        0xa /home/sl/projects/stm32-blink/libopencm3/lib/libopencm3_stm32f1.a(rcc_common_all.o)
                0x0000000008000c64                rcc_peripheral_clear_reset
 .text.rcc_periph_clock_enable
                0x0000000008000c6e       0x1a /home/sl/projects/stm32-blink/libopencm3/lib/libopencm3_stm32f1.a(rcc_common_all.o)
                0x0000000008000c6e                rcc_periph_clock_enable
 .text.rcc_periph_clock_disable
                0x0000000008000c88       0x1c /home/sl/projects/stm32-blink/libopencm3/lib/libopencm3_stm32f1.a(rcc_common_all.o)
                0x0000000008000c88                rcc_periph_clock_disable
 .text.rcc_periph_reset_pulse
                0x0000000008000ca4       0x22 /home/sl/projects/stm32-blink/libopencm3/lib/libopencm3_stm32f1.a(rcc_common_all.o)
                0x0000000008000ca4                rcc_periph_reset_pulse
 .text.rcc_periph_reset_hold
                0x0000000008000cc6       0x1a /home/sl/projects/stm32-blink/libopencm3/lib/libopencm3_stm32f1.a(rcc_common_all.o)
                0x0000000008000cc6                rcc_periph_reset_hold
 .text.rcc_periph_reset_release
                0x0000000008000ce0       0x1c /home/sl/projects/stm32-blink/libopencm3/lib/libopencm3_stm32f1.a(rcc_common_all.o)
                0x0000000008000ce0                rcc_periph_reset_release
 .text.rcc_set_mco
                0x0000000008000cfc       0x14 /home/sl/projects/stm32-blink/libopencm3/lib/libopencm3_stm32f1.a(rcc_common_all.o)
                0x0000000008000cfc                rcc_set_mco
 .text          0x0000000008000d10        0x0 /home/sl/projects/stm32-blink/libopencm3/lib/libopencm3_stm32f1.a(flash_common_f01.o)
 .text.flash_prefetch_buffer_enable
                0x0000000008000d10       0x10 /home/sl/projects/stm32-blink/libopencm3/lib/libopencm3_stm32f1.a(flash_common_f01.o)
                0x0000000008000d10                flash_prefetch_buffer_enable
 .text.flash_prefetch_buffer_disable
                0x0000000008000d20       0x10 /home/sl/projects/stm32-blink/libopencm3/lib/libopencm3_stm32f1.a(flash_common_f01.o)
                0x0000000008000d20                flash_prefetch_buffer_disable
 .text.flash_set_ws
                0x0000000008000d30       0x14 /home/sl/projects/stm32-blink/libopencm3/lib/libopencm3_stm32f1.a(flash_common_f01.o)
                0x0000000008000d30                flash_set_ws
 .text.flash_unlock
                0x0000000008000d44       0x24 /home/sl/projects/stm32-blink/libopencm3/lib/libopencm3_stm32f1.a(flash_common_f01.o)
                0x0000000008000d44                flash_unlock
 .text.flash_lock
                0x0000000008000d68       0x10 /home/sl/projects/stm32-blink/libopencm3/lib/libopencm3_stm32f1.a(flash_common_f01.o)
                0x0000000008000d68                flash_lock
 .text.flash_clear_pgerr_flag
                0x0000000008000d78       0x10 /home/sl/projects/stm32-blink/libopencm3/lib/libopencm3_stm32f1.a(flash_common_f01.o)
                0x0000000008000d78                flash_clear_pgerr_flag
 .text.flash_clear_eop_flag
                0x0000000008000d88       0x10 /home/sl/projects/stm32-blink/libopencm3/lib/libopencm3_stm32f1.a(flash_common_f01.o)
                0x0000000008000d88                flash_clear_eop_flag
 .text.flash_clear_wrprterr_flag
                0x0000000008000d98       0x10 /home/sl/projects/stm32-blink/libopencm3/lib/libopencm3_stm32f1.a(flash_common_f01.o)
                0x0000000008000d98                flash_clear_wrprterr_flag
 .text.flash_clear_bsy_flag
                0x0000000008000da8       0x10 /home/sl/projects/stm32-blink/libopencm3/lib/libopencm3_stm32f1.a(flash_common_f01.o)
                0x0000000008000da8                flash_clear_bsy_flag
 .text.flash_wait_for_last_operation
                0x0000000008000db8        0xc /home/sl/projects/stm32-blink/libopencm3/lib/libopencm3_stm32f1.a(flash_common_f01.o)
                0x0000000008000db8                flash_wait_for_last_operation
 .text.flash_program_word
                0x0000000008000dc4       0x18 /home/sl/projects/stm32-blink/libopencm3/lib/libopencm3_stm32f1.a(flash_common_f01.o)
                0x0000000008000dc4                flash_program_word
 .text.flash_unlock_option_bytes
                0x0000000008000ddc       0x18 /home/sl/projects/stm32-blink/libopencm3/lib/libopencm3_stm32f1.a(flash_common_f01.o)
                0x0000000008000ddc                flash_unlock_option_bytes
 .text.flash_erase_option_bytes
                0x0000000008000df4       0x34 /home/sl/projects/stm32-blink/libopencm3/lib/libopencm3_stm32f1.a(flash_common_f01.o)
                0x0000000008000df4                flash_erase_option_bytes
 .text.flash_program_option_bytes
                0x0000000008000e28       0x34 /home/sl/projects/stm32-blink/libopencm3/lib/libopencm3_stm32f1.a(flash_common_f01.o)
                0x0000000008000e28                flash_program_option_bytes
 .text          0x0000000008000e5c        0x0 /home/sl/projects/stm32-blink/libopencm3/lib/libopencm3_stm32f1.a(vector.o)
 .text.blocking_handler
                0x0000000008000e5c        0x2 /home/sl/projects/stm32-blink/libopencm3/lib/libopencm3_stm32f1.a(vector.o)
                0x0000000008000e5c                usart3_isr
                0x0000000008000e5c                rtc_isr
                0x0000000008000e5c                tim7_isr
                0x0000000008000e5c                adc1_2_isr
                0x0000000008000e5c                tim1_trg_com_isr
                0x0000000008000e5c                usb_hp_can_tx_isr
                0x0000000008000e5c                tim6_isr
                0x0000000008000e5c                usb_wakeup_isr
                0x0000000008000e5c                blocking_handler
                0x0000000008000e5c                tim5_isr
                0x0000000008000e5c                otg_fs_isr
                0x0000000008000e5c                spi1_isr
                0x0000000008000e5c                dma1_channel6_isr
                0x0000000008000e5c                exti2_isr
                0x0000000008000e5c                can_rx1_isr
                0x0000000008000e5c                dma1_channel5_isr
                0x0000000008000e5c                dma2_channel5_isr
                0x0000000008000e5c                usart1_isr
                0x0000000008000e5c                usage_fault_handler
                0x0000000008000e5c                tim8_trg_com_isr
                0x0000000008000e5c                can2_rx0_isr
                0x0000000008000e5c                tim1_brk_isr
                0x0000000008000e5c                can2_rx1_isr
                0x0000000008000e5c                tim1_cc_isr
                0x0000000008000e5c                sdio_isr
                0x0000000008000e5c                eth_isr
                0x0000000008000e5c                dma1_channel4_isr
                0x0000000008000e5c                tim8_brk_isr
                0x0000000008000e5c                dma2_channel4_5_isr
                0x0000000008000e5c                pvd_isr
                0x0000000008000e5c                rcc_isr
                0x0000000008000e5c                flash_isr
                0x0000000008000e5c                uart4_isr
                0x0000000008000e5c                rtc_alarm_isr
                0x0000000008000e5c                exti15_10_isr
                0x0000000008000e5c                hard_fault_handler
                0x0000000008000e5c                exti1_isr
                0x0000000008000e5c                i2c1_ev_isr
                0x0000000008000e5c                dma2_channel1_isr
                0x0000000008000e5c                spi2_isr
                0x0000000008000e5c                tim8_up_isr
                0x0000000008000e5c                dma2_channel2_isr
                0x0000000008000e5c                adc3_isr
                0x0000000008000e5c                exti3_isr
                0x0000000008000e5c                tim3_isr
                0x0000000008000e5c                usart2_isr
                0x0000000008000e5c                usb_lp_can_rx0_isr
                0x0000000008000e5c                i2c2_er_isr
                0x0000000008000e5c                i2c2_ev_isr
                0x0000000008000e5c                uart5_isr
                0x0000000008000e5c                fsmc_isr
                0x0000000008000e5c                dma1_channel1_isr
                0x0000000008000e5c                exti4_isr
                0x0000000008000e5c                mem_manage_handler
                0x0000000008000e5c                can2_tx_isr
                0x0000000008000e5c                exti9_5_isr
                0x0000000008000e5c                dma2_channel3_isr
                0x0000000008000e5c                dma1_channel7_isr
                0x0000000008000e5c                tim1_up_isr
                0x0000000008000e5c                can2_sce_isr
                0x0000000008000e5c                tim4_isr
                0x0000000008000e5c                dma1_channel2_isr
                0x0000000008000e5c                i2c1_er_isr
                0x0000000008000e5c                can_sce_isr
                0x0000000008000e5c                tim8_cc_isr
                0x0000000008000e5c                tamper_isr
                0x0000000008000e5c                eth_wkup_isr
                0x0000000008000e5c                bus_fault_handler
                0x0000000008000e5c                wwdg_isr
                0x0000000008000e5c                dma1_channel3_isr
                0x0000000008000e5c                spi3_isr
                0x0000000008000e5c                tim2_isr
                0x0000000008000e5c                exti0_isr
 .text.null_handler
                0x0000000008000e5e        0x2 /home/sl/projects/stm32-blink/libopencm3/lib/libopencm3_stm32f1.a(vector.o)
                0x0000000008000e5e                null_handler
                0x0000000008000e5e                sv_call_handler
                0x0000000008000e5e                pend_sv_handler
                0x0000000008000e5e                debug_monitor_handler
                0x0000000008000e5e                sys_tick_handler
                0x0000000008000e5e                nmi_handler
 .text.reset_handler
                0x0000000008000e60       0x90 /home/sl/projects/stm32-blink/libopencm3/lib/libopencm3_stm32f1.a(vector.o)
                0x0000000008000e60                reset_handler
 .text          0x0000000008000ef0        0x0 /home/sl/projects/stm32-blink/libopencm3/lib/libopencm3_stm32f1.a(assert.o)
 .text.cm3_assert_failed
                0x0000000008000ef0        0x2 /home/sl/projects/stm32-blink/libopencm3/lib/libopencm3_stm32f1.a(assert.o)
                0x0000000008000ef0                cm3_assert_failed
 .text.cm3_assert_failed_verbose
                0x0000000008000ef2        0x6 /home/sl/projects/stm32-blink/libopencm3/lib/libopencm3_stm32f1.a(assert.o)
                0x0000000008000ef2                cm3_assert_failed_verbose
 .text          0x0000000008000ef8        0x0 /home/sl/projects/stm32-blink/libopencm3/lib/libopencm3_stm32f1.a(flash.o)
 .text.flash_halfcycle_enable
                0x0000000008000ef8       0x10 /home/sl/projects/stm32-blink/libopencm3/lib/libopencm3_stm32f1.a(flash.o)
                0x0000000008000ef8                flash_halfcycle_enable
 .text.flash_halfcycle_disable
                0x0000000008000f08       0x10 /home/sl/projects/stm32-blink/libopencm3/lib/libopencm3_stm32f1.a(flash.o)
                0x0000000008000f08                flash_halfcycle_disable
 .text.flash_unlock_upper
                0x0000000008000f18       0x34 /home/sl/projects/stm32-blink/libopencm3/lib/libopencm3_stm32f1.a(flash.o)
                0x0000000008000f18                flash_unlock_upper
 .text.flash_lock_upper
                0x0000000008000f4c       0x10 /home/sl/projects/stm32-blink/libopencm3/lib/libopencm3_stm32f1.a(flash.o)
                0x0000000008000f4c                flash_lock_upper
 .text.flash_clear_pgerr_flag_upper
                0x0000000008000f5c       0x20 /home/sl/projects/stm32-blink/libopencm3/lib/libopencm3_stm32f1.a(flash.o)
                0x0000000008000f5c                flash_clear_pgerr_flag_upper
 .text.flash_clear_eop_flag_upper
                0x0000000008000f7c       0x20 /home/sl/projects/stm32-blink/libopencm3/lib/libopencm3_stm32f1.a(flash.o)
                0x0000000008000f7c                flash_clear_eop_flag_upper
 .text.flash_clear_wrprterr_flag_upper
                0x0000000008000f9c       0x20 /home/sl/projects/stm32-blink/libopencm3/lib/libopencm3_stm32f1.a(flash.o)
                0x0000000008000f9c                flash_clear_wrprterr_flag_upper
 .text.flash_clear_bsy_flag_upper
                0x0000000008000fbc       0x20 /home/sl/projects/stm32-blink/libopencm3/lib/libopencm3_stm32f1.a(flash.o)
                0x0000000008000fbc                flash_clear_bsy_flag_upper
 .text.flash_clear_status_flags
                0x0000000008000fdc       0x38 /home/sl/projects/stm32-blink/libopencm3/lib/libopencm3_stm32f1.a(flash.o)
                0x0000000008000fdc                flash_clear_status_flags
 .text.flash_get_status_flags
                0x0000000008001014       0x28 /home/sl/projects/stm32-blink/libopencm3/lib/libopencm3_stm32f1.a(flash.o)
                0x0000000008001014                flash_get_status_flags
 .text.flash_program_half_word
                0x000000000800103c       0x64 /home/sl/projects/stm32-blink/libopencm3/lib/libopencm3_stm32f1.a(flash.o)
                0x000000000800103c                flash_program_half_word
 .text.flash_erase_page
                0x00000000080010a0       0x7c /home/sl/projects/stm32-blink/libopencm3/lib/libopencm3_stm32f1.a(flash.o)
                0x00000000080010a0                flash_erase_page
 .text.flash_erase_all_pages
                0x000000000800111c       0x48 /home/sl/projects/stm32-blink/libopencm3/lib/libopencm3_stm32f1.a(flash.o)
                0x000000000800111c                flash_erase_all_pages
                0x0000000008001164                . = ALIGN (0x4)
 *(.rodata*)
                0x0000000008001164                . = ALIGN (0x4)

.glue_7         0x0000000008001164        0x0
 .glue_7        0x0000000008001164        0x0 linker stubs

.glue_7t        0x0000000008001164        0x0
 .glue_7t       0x0000000008001164        0x0 linker stubs

.vfp11_veneer   0x0000000008001164        0x0
 .vfp11_veneer  0x0000000008001164        0x0 linker stubs

.v4_bx          0x0000000008001164        0x0
 .v4_bx         0x0000000008001164        0x0 linker stubs

.iplt           0x0000000008001164        0x0
 .iplt          0x0000000008001164        0x0 CMakeFiles/stm32_blink.elf.dir/main.c.obj

.rel.dyn        0x0000000008001164        0x0
 .rel.iplt      0x0000000008001164        0x0 CMakeFiles/stm32_blink.elf.dir/main.c.obj

.preinit_array  0x0000000008001164        0x0
                0x0000000008001164                . = ALIGN (0x4)
                0x0000000008001164                __preinit_array_start = .
 *(.preinit_array)
                0x0000000008001164                __preinit_array_end = .

.init_array     0x0000000008001164        0x0
                0x0000000008001164                . = ALIGN (0x4)
                0x0000000008001164                __init_array_start = .
 *(SORT(.init_array.*))
 *(.init_array)
                0x0000000008001164                __init_array_end = .

.fini_array     0x0000000008001164        0x0
                0x0000000008001164                . = ALIGN (0x4)
                0x0000000008001164                __fini_array_start = .
 *(.fini_array)
 *(SORT(.fini_array.*))
                0x0000000008001164                __fini_array_end = .

.ARM.extab
 *(.ARM.extab*)

.ARM.exidx      0x0000000008001164        0x0
                0x0000000008001164                __exidx_start = .
 *(.ARM.exidx*)
                0x0000000008001164                __exidx_end = .
                0x0000000008001164                . = ALIGN (0x4)
                0x0000000008001164                _etext = .

.data           0x0000000020000000        0xc load address 0x0000000008001164
                0x0000000020000000                _data = .
 *(.data*)
 .data          0x0000000020000000        0x0 CMakeFiles/stm32_blink.elf.dir/main.c.obj
 .data          0x0000000020000000        0x0 /home/sl/projects/stm32-blink/libopencm3/lib/libopencm3_stm32f1.a(gpio.o)
 .data          0x0000000020000000        0x0 /home/sl/projects/stm32-blink/libopencm3/lib/libopencm3_stm32f1.a(rcc.o)
 .data.rcc_ahb_frequency
                0x0000000020000000        0x4 /home/sl/projects/stm32-blink/libopencm3/lib/libopencm3_stm32f1.a(rcc.o)
                0x0000000020000000                rcc_ahb_frequency
 .data.rcc_apb1_frequency
                0x0000000020000004        0x4 /home/sl/projects/stm32-blink/libopencm3/lib/libopencm3_stm32f1.a(rcc.o)
                0x0000000020000004                rcc_apb1_frequency
 .data.rcc_apb2_frequency
                0x0000000020000008        0x4 /home/sl/projects/stm32-blink/libopencm3/lib/libopencm3_stm32f1.a(rcc.o)
                0x0000000020000008                rcc_apb2_frequency
 .data          0x000000002000000c        0x0 /home/sl/projects/stm32-blink/libopencm3/lib/libopencm3_stm32f1.a(gpio_common_all.o)
 .data          0x000000002000000c        0x0 /home/sl/projects/stm32-blink/libopencm3/lib/libopencm3_stm32f1.a(rcc_common_all.o)
 .data          0x000000002000000c        0x0 /home/sl/projects/stm32-blink/libopencm3/lib/libopencm3_stm32f1.a(flash_common_f01.o)
 .data          0x000000002000000c        0x0 /home/sl/projects/stm32-blink/libopencm3/lib/libopencm3_stm32f1.a(vector.o)
 .data          0x000000002000000c        0x0 /home/sl/projects/stm32-blink/libopencm3/lib/libopencm3_stm32f1.a(assert.o)
 .data          0x000000002000000c        0x0 /home/sl/projects/stm32-blink/libopencm3/lib/libopencm3_stm32f1.a(flash.o)
                0x000000002000000c                . = ALIGN (0x4)
                0x000000002000000c                _edata = .
                0x0000000008001164                _data_loadaddr = LOADADDR (.data)

.igot.plt       0x000000002000000c        0x0 load address 0x0000000008001170
 .igot.plt      0x000000002000000c        0x0 CMakeFiles/stm32_blink.elf.dir/main.c.obj

.bss            0x000000002000000c        0x0 load address 0x0000000008001170
 *(.bss*)
 .bss           0x000000002000000c        0x0 CMakeFiles/stm32_blink.elf.dir/main.c.obj
 .bss           0x000000002000000c        0x0 /home/sl/projects/stm32-blink/libopencm3/lib/libopencm3_stm32f1.a(gpio.o)
 .bss           0x000000002000000c        0x0 /home/sl/projects/stm32-blink/libopencm3/lib/libopencm3_stm32f1.a(rcc.o)
 .bss           0x000000002000000c        0x0 /home/sl/projects/stm32-blink/libopencm3/lib/libopencm3_stm32f1.a(gpio_common_all.o)
 .bss           0x000000002000000c        0x0 /home/sl/projects/stm32-blink/libopencm3/lib/libopencm3_stm32f1.a(rcc_common_all.o)
 .bss           0x000000002000000c        0x0 /home/sl/projects/stm32-blink/libopencm3/lib/libopencm3_stm32f1.a(flash_common_f01.o)
 .bss           0x000000002000000c        0x0 /home/sl/projects/stm32-blink/libopencm3/lib/libopencm3_stm32f1.a(vector.o)
 .bss           0x000000002000000c        0x0 /home/sl/projects/stm32-blink/libopencm3/lib/libopencm3_stm32f1.a(assert.o)
 .bss           0x000000002000000c        0x0 /home/sl/projects/stm32-blink/libopencm3/lib/libopencm3_stm32f1.a(flash.o)
 *(COMMON)
                0x000000002000000c                . = ALIGN (0x4)
                0x000000002000000c                _ebss = .

/DISCARD/
 *(.eh_frame)
                0x000000002000000c                . = ALIGN (0x4)
                0x000000002000000c                end = .
                0x0000000020005000                PROVIDE (_stack, (ORIGIN (ram) + LENGTH (ram)))
OUTPUT(/home/sl/projects/stm32-blink/build/stm32_blink.elf elf32-littlearm)

.debug_info     0x0000000000000000     0x25c2
 .debug_info    0x0000000000000000      0x292 CMakeFiles/stm32_blink.elf.dir/main.c.obj
 .debug_info    0x0000000000000292      0x1df /home/sl/projects/stm32-blink/libopencm3/lib/libopencm3_stm32f1.a(gpio.o)
 .debug_info    0x0000000000000471     0x1147 /home/sl/projects/stm32-blink/libopencm3/lib/libopencm3_stm32f1.a(rcc.o)
 .debug_info    0x00000000000015b8      0x22c /home/sl/projects/stm32-blink/libopencm3/lib/libopencm3_stm32f1.a(gpio_common_all.o)
 .debug_info    0x00000000000017e4      0x53a /home/sl/projects/stm32-blink/libopencm3/lib/libopencm3_stm32f1.a(rcc_common_all.o)
 .debug_info    0x0000000000001d1e      0x27f /home/sl/projects/stm32-blink/libopencm3/lib/libopencm3_stm32f1.a(flash_common_f01.o)
 .debug_info    0x0000000000001f9d      0x2a0 /home/sl/projects/stm32-blink/libopencm3/lib/libopencm3_stm32f1.a(vector.o)
 .debug_info    0x000000000000223d       0xee /home/sl/projects/stm32-blink/libopencm3/lib/libopencm3_stm32f1.a(assert.o)
 .debug_info    0x000000000000232b      0x297 /home/sl/projects/stm32-blink/libopencm3/lib/libopencm3_stm32f1.a(flash.o)

.debug_abbrev   0x0000000000000000      0x96e
 .debug_abbrev  0x0000000000000000       0x95 CMakeFiles/stm32_blink.elf.dir/main.c.obj
 .debug_abbrev  0x0000000000000095       0xb7 /home/sl/projects/stm32-blink/libopencm3/lib/libopencm3_stm32f1.a(gpio.o)
 .debug_abbrev  0x000000000000014c      0x291 /home/sl/projects/stm32-blink/libopencm3/lib/libopencm3_stm32f1.a(rcc.o)
 .debug_abbrev  0x00000000000003dd      0x10e /home/sl/projects/stm32-blink/libopencm3/lib/libopencm3_stm32f1.a(gpio_common_all.o)
 .debug_abbrev  0x00000000000004eb       0xc1 /home/sl/projects/stm32-blink/libopencm3/lib/libopencm3_stm32f1.a(rcc_common_all.o)
 .debug_abbrev  0x00000000000005ac       0xe7 /home/sl/projects/stm32-blink/libopencm3/lib/libopencm3_stm32f1.a(flash_common_f01.o)
 .debug_abbrev  0x0000000000000693      0x138 /home/sl/projects/stm32-blink/libopencm3/lib/libopencm3_stm32f1.a(vector.o)
 .debug_abbrev  0x00000000000007cb       0x89 /home/sl/projects/stm32-blink/libopencm3/lib/libopencm3_stm32f1.a(assert.o)
 .debug_abbrev  0x0000000000000854      0x11a /home/sl/projects/stm32-blink/libopencm3/lib/libopencm3_stm32f1.a(flash.o)

.debug_aranges  0x0000000000000000      0x3d8
 .debug_aranges
                0x0000000000000000       0x20 CMakeFiles/stm32_blink.elf.dir/main.c.obj
 .debug_aranges
                0x0000000000000020       0x38 /home/sl/projects/stm32-blink/libopencm3/lib/libopencm3_stm32f1.a(gpio.o)
 .debug_aranges
                0x0000000000000058      0x168 /home/sl/projects/stm32-blink/libopencm3/lib/libopencm3_stm32f1.a(rcc.o)
 .debug_aranges
                0x00000000000001c0       0x50 /home/sl/projects/stm32-blink/libopencm3/lib/libopencm3_stm32f1.a(gpio_common_all.o)
 .debug_aranges
                0x0000000000000210       0x68 /home/sl/projects/stm32-blink/libopencm3/lib/libopencm3_stm32f1.a(rcc_common_all.o)
 .debug_aranges
                0x0000000000000278       0x88 /home/sl/projects/stm32-blink/libopencm3/lib/libopencm3_stm32f1.a(flash_common_f01.o)
 .debug_aranges
                0x0000000000000300       0x30 /home/sl/projects/stm32-blink/libopencm3/lib/libopencm3_stm32f1.a(vector.o)
 .debug_aranges
                0x0000000000000330       0x28 /home/sl/projects/stm32-blink/libopencm3/lib/libopencm3_stm32f1.a(assert.o)
 .debug_aranges
                0x0000000000000358       0x80 /home/sl/projects/stm32-blink/libopencm3/lib/libopencm3_stm32f1.a(flash.o)

.debug_line     0x0000000000000000     0x18a1
 .debug_line    0x0000000000000000      0x126 CMakeFiles/stm32_blink.elf.dir/main.c.obj
 .debug_line    0x0000000000000126      0x247 /home/sl/projects/stm32-blink/libopencm3/lib/libopencm3_stm32f1.a(gpio.o)
 .debug_line    0x000000000000036d      0x5fa /home/sl/projects/stm32-blink/libopencm3/lib/libopencm3_stm32f1.a(rcc.o)
 .debug_line    0x0000000000000967      0x280 /home/sl/projects/stm32-blink/libopencm3/lib/libopencm3_stm32f1.a(gpio_common_all.o)
 .debug_line    0x0000000000000be7      0x2a5 /home/sl/projects/stm32-blink/libopencm3/lib/libopencm3_stm32f1.a(rcc_common_all.o)
 .debug_line    0x0000000000000e8c      0x30b /home/sl/projects/stm32-blink/libopencm3/lib/libopencm3_stm32f1.a(flash_common_f01.o)
 .debug_line    0x0000000000001197      0x291 /home/sl/projects/stm32-blink/libopencm3/lib/libopencm3_stm32f1.a(vector.o)
 .debug_line    0x0000000000001428      0x161 /home/sl/projects/stm32-blink/libopencm3/lib/libopencm3_stm32f1.a(assert.o)
 .debug_line    0x0000000000001589      0x318 /home/sl/projects/stm32-blink/libopencm3/lib/libopencm3_stm32f1.a(flash.o)

.debug_str      0x0000000000000000     0xd703
 .debug_str     0x0000000000000000      0x2e1 CMakeFiles/stm32_blink.elf.dir/main.c.obj
                                        0x373 (size before relaxing)
 .debug_str     0x00000000000002e1     0x77da /home/sl/projects/stm32-blink/libopencm3/lib/libopencm3_stm32f1.a(gpio.o)
                                       0x795f (size before relaxing)
 .debug_str     0x0000000000007abb     0x3066 /home/sl/projects/stm32-blink/libopencm3/lib/libopencm3_stm32f1.a(rcc.o)
                                       0x71b6 (size before relaxing)
 .debug_str     0x000000000000ab21       0x7a /home/sl/projects/stm32-blink/libopencm3/lib/libopencm3_stm32f1.a(gpio_common_all.o)
                                       0x7953 (size before relaxing)
 .debug_str     0x000000000000ab9b      0x346 /home/sl/projects/stm32-blink/libopencm3/lib/libopencm3_stm32f1.a(rcc_common_all.o)
                                       0x6a65 (size before relaxing)
 .debug_str     0x000000000000aee1      0x179 /home/sl/projects/stm32-blink/libopencm3/lib/libopencm3_stm32f1.a(flash_common_f01.o)
                                       0x4a06 (size before relaxing)
 .debug_str     0x000000000000b05a     0x24fc /home/sl/projects/stm32-blink/libopencm3/lib/libopencm3_stm32f1.a(vector.o)
                                       0x5ab1 (size before relaxing)
 .debug_str     0x000000000000d556       0x48 /home/sl/projects/stm32-blink/libopencm3/lib/libopencm3_stm32f1.a(assert.o)
                                       0x352d (size before relaxing)
 .debug_str     0x000000000000d59e      0x165 /home/sl/projects/stm32-blink/libopencm3/lib/libopencm3_stm32f1.a(flash.o)
                                       0x4a93 (size before relaxing)

.comment        0x0000000000000000       0x38
 .comment       0x0000000000000000       0x38 CMakeFiles/stm32_blink.elf.dir/main.c.obj
                                         0x39 (size before relaxing)
 .comment       0x0000000000000038       0x39 /home/sl/projects/stm32-blink/libopencm3/lib/libopencm3_stm32f1.a(gpio.o)
 .comment       0x0000000000000038       0x39 /home/sl/projects/stm32-blink/libopencm3/lib/libopencm3_stm32f1.a(rcc.o)
 .comment       0x0000000000000038       0x39 /home/sl/projects/stm32-blink/libopencm3/lib/libopencm3_stm32f1.a(gpio_common_all.o)
 .comment       0x0000000000000038       0x39 /home/sl/projects/stm32-blink/libopencm3/lib/libopencm3_stm32f1.a(rcc_common_all.o)
 .comment       0x0000000000000038       0x39 /home/sl/projects/stm32-blink/libopencm3/lib/libopencm3_stm32f1.a(flash_common_f01.o)
 .comment       0x0000000000000038       0x39 /home/sl/projects/stm32-blink/libopencm3/lib/libopencm3_stm32f1.a(vector.o)
 .comment       0x0000000000000038       0x39 /home/sl/projects/stm32-blink/libopencm3/lib/libopencm3_stm32f1.a(assert.o)
 .comment       0x0000000000000038       0x39 /home/sl/projects/stm32-blink/libopencm3/lib/libopencm3_stm32f1.a(flash.o)

.ARM.attributes
                0x0000000000000000       0x33
 .ARM.attributes
                0x0000000000000000       0x33 CMakeFiles/stm32_blink.elf.dir/main.c.obj
 .ARM.attributes
                0x0000000000000033       0x33 /home/sl/projects/stm32-blink/libopencm3/lib/libopencm3_stm32f1.a(gpio.o)
 .ARM.attributes
                0x0000000000000066       0x33 /home/sl/projects/stm32-blink/libopencm3/lib/libopencm3_stm32f1.a(rcc.o)
 .ARM.attributes
                0x0000000000000099       0x33 /home/sl/projects/stm32-blink/libopencm3/lib/libopencm3_stm32f1.a(gpio_common_all.o)
 .ARM.attributes
                0x00000000000000cc       0x33 /home/sl/projects/stm32-blink/libopencm3/lib/libopencm3_stm32f1.a(rcc_common_all.o)
 .ARM.attributes
                0x00000000000000ff       0x33 /home/sl/projects/stm32-blink/libopencm3/lib/libopencm3_stm32f1.a(flash_common_f01.o)
 .ARM.attributes
                0x0000000000000132       0x33 /home/sl/projects/stm32-blink/libopencm3/lib/libopencm3_stm32f1.a(vector.o)
 .ARM.attributes
                0x0000000000000165       0x33 /home/sl/projects/stm32-blink/libopencm3/lib/libopencm3_stm32f1.a(assert.o)
 .ARM.attributes
                0x0000000000000198       0x33 /home/sl/projects/stm32-blink/libopencm3/lib/libopencm3_stm32f1.a(flash.o)

.debug_frame    0x0000000000000000      0x79c
 .debug_frame   0x0000000000000000       0x68 CMakeFiles/stm32_blink.elf.dir/main.c.obj
 .debug_frame   0x0000000000000068       0x60 /home/sl/projects/stm32-blink/libopencm3/lib/libopencm3_stm32f1.a(gpio.o)
 .debug_frame   0x00000000000000c8      0x300 /home/sl/projects/stm32-blink/libopencm3/lib/libopencm3_stm32f1.a(rcc.o)
 .debug_frame   0x00000000000003c8       0x80 /home/sl/projects/stm32-blink/libopencm3/lib/libopencm3_stm32f1.a(gpio_common_all.o)
 .debug_frame   0x0000000000000448       0xb0 /home/sl/projects/stm32-blink/libopencm3/lib/libopencm3_stm32f1.a(rcc_common_all.o)
 .debug_frame   0x00000000000004f8      0x120 /home/sl/projects/stm32-blink/libopencm3/lib/libopencm3_stm32f1.a(flash_common_f01.o)
 .debug_frame   0x0000000000000618       0x40 /home/sl/projects/stm32-blink/libopencm3/lib/libopencm3_stm32f1.a(vector.o)
 .debug_frame   0x0000000000000658       0x38 /home/sl/projects/stm32-blink/libopencm3/lib/libopencm3_stm32f1.a(assert.o)
 .debug_frame   0x0000000000000690      0x10c /home/sl/projects/stm32-blink/libopencm3/lib/libopencm3_stm32f1.a(flash.o)

.debug_loc      0x0000000000000000      0x9fe
 .debug_loc     0x0000000000000000      0x19f /home/sl/projects/stm32-blink/libopencm3/lib/libopencm3_stm32f1.a(gpio.o)
 .debug_loc     0x000000000000019f      0x3f2 /home/sl/projects/stm32-blink/libopencm3/lib/libopencm3_stm32f1.a(rcc.o)
 .debug_loc     0x0000000000000591       0x84 /home/sl/projects/stm32-blink/libopencm3/lib/libopencm3_stm32f1.a(gpio_common_all.o)
 .debug_loc     0x0000000000000615      0x14a /home/sl/projects/stm32-blink/libopencm3/lib/libopencm3_stm32f1.a(rcc_common_all.o)
 .debug_loc     0x000000000000075f       0xd3 /home/sl/projects/stm32-blink/libopencm3/lib/libopencm3_stm32f1.a(flash_common_f01.o)
 .debug_loc     0x0000000000000832       0xac /home/sl/projects/stm32-blink/libopencm3/lib/libopencm3_stm32f1.a(vector.o)
 .debug_loc     0x00000000000008de       0x84 /home/sl/projects/stm32-blink/libopencm3/lib/libopencm3_stm32f1.a(assert.o)
 .debug_loc     0x0000000000000962       0x9c /home/sl/projects/stm32-blink/libopencm3/lib/libopencm3_stm32f1.a(flash.o)

.debug_ranges   0x0000000000000000      0x398
 .debug_ranges  0x0000000000000000       0x28 /home/sl/projects/stm32-blink/libopencm3/lib/libopencm3_stm32f1.a(gpio.o)
 .debug_ranges  0x0000000000000028      0x1b8 /home/sl/projects/stm32-blink/libopencm3/lib/libopencm3_stm32f1.a(rcc.o)
 .debug_ranges  0x00000000000001e0       0x40 /home/sl/projects/stm32-blink/libopencm3/lib/libopencm3_stm32f1.a(gpio_common_all.o)
 .debug_ranges  0x0000000000000220       0x58 /home/sl/projects/stm32-blink/libopencm3/lib/libopencm3_stm32f1.a(rcc_common_all.o)
 .debug_ranges  0x0000000000000278       0x78 /home/sl/projects/stm32-blink/libopencm3/lib/libopencm3_stm32f1.a(flash_common_f01.o)
 .debug_ranges  0x00000000000002f0       0x20 /home/sl/projects/stm32-blink/libopencm3/lib/libopencm3_stm32f1.a(vector.o)
 .debug_ranges  0x0000000000000310       0x18 /home/sl/projects/stm32-blink/libopencm3/lib/libopencm3_stm32f1.a(assert.o)
 .debug_ranges  0x0000000000000328       0x70 /home/sl/projects/stm32-blink/libopencm3/lib/libopencm3_stm32f1.a(flash.o)

.debug_macro    0x0000000000000000     0x3212
 .debug_macro   0x0000000000000000       0xaa /home/sl/projects/stm32-blink/libopencm3/lib/libopencm3_stm32f1.a(gpio.o)
 .debug_macro   0x00000000000000aa      0x862 /home/sl/projects/stm32-blink/libopencm3/lib/libopencm3_stm32f1.a(gpio.o)
 .debug_macro   0x000000000000090c       0x22 /home/sl/projects/stm32-blink/libopencm3/lib/libopencm3_stm32f1.a(gpio.o)
 .debug_macro   0x000000000000092e       0x44 /home/sl/projects/stm32-blink/libopencm3/lib/libopencm3_stm32f1.a(gpio.o)
 .debug_macro   0x0000000000000972       0xe3 /home/sl/projects/stm32-blink/libopencm3/lib/libopencm3_stm32f1.a(gpio.o)
 .debug_macro   0x0000000000000a55       0x22 /home/sl/projects/stm32-blink/libopencm3/lib/libopencm3_stm32f1.a(gpio.o)
 .debug_macro   0x0000000000000a77      0x1df /home/sl/projects/stm32-blink/libopencm3/lib/libopencm3_stm32f1.a(gpio.o)
 .debug_macro   0x0000000000000c56       0x22 /home/sl/projects/stm32-blink/libopencm3/lib/libopencm3_stm32f1.a(gpio.o)
 .debug_macro   0x0000000000000c78       0xfa /home/sl/projects/stm32-blink/libopencm3/lib/libopencm3_stm32f1.a(gpio.o)
 .debug_macro   0x0000000000000d72       0x58 /home/sl/projects/stm32-blink/libopencm3/lib/libopencm3_stm32f1.a(gpio.o)
 .debug_macro   0x0000000000000dca      0x1b4 /home/sl/projects/stm32-blink/libopencm3/lib/libopencm3_stm32f1.a(gpio.o)
 .debug_macro   0x0000000000000f7e       0x76 /home/sl/projects/stm32-blink/libopencm3/lib/libopencm3_stm32f1.a(gpio.o)
 .debug_macro   0x0000000000000ff4      0xdfd /home/sl/projects/stm32-blink/libopencm3/lib/libopencm3_stm32f1.a(gpio.o)
 .debug_macro   0x0000000000001df1       0xd1 /home/sl/projects/stm32-blink/libopencm3/lib/libopencm3_stm32f1.a(rcc.o)
 .debug_macro   0x0000000000001ec2       0x16 /home/sl/projects/stm32-blink/libopencm3/lib/libopencm3_stm32f1.a(rcc.o)
 .debug_macro   0x0000000000001ed8      0x825 /home/sl/projects/stm32-blink/libopencm3/lib/libopencm3_stm32f1.a(rcc.o)
 .debug_macro   0x00000000000026fd       0xdc /home/sl/projects/stm32-blink/libopencm3/lib/libopencm3_stm32f1.a(rcc.o)
 .debug_macro   0x00000000000027d9       0x82 /home/sl/projects/stm32-blink/libopencm3/lib/libopencm3_stm32f1.a(rcc.o)
 .debug_macro   0x000000000000285b       0xaa /home/sl/projects/stm32-blink/libopencm3/lib/libopencm3_stm32f1.a(gpio_common_all.o)
 .debug_macro   0x0000000000002905       0xc0 /home/sl/projects/stm32-blink/libopencm3/lib/libopencm3_stm32f1.a(rcc_common_all.o)
 .debug_macro   0x00000000000029c5       0xaa /home/sl/projects/stm32-blink/libopencm3/lib/libopencm3_stm32f1.a(flash_common_f01.o)
 .debug_macro   0x0000000000002a6f       0xc1 /home/sl/projects/stm32-blink/libopencm3/lib/libopencm3_stm32f1.a(vector.o)
 .debug_macro   0x0000000000002b30      0x3a1 /home/sl/projects/stm32-blink/libopencm3/lib/libopencm3_stm32f1.a(vector.o)
 .debug_macro   0x0000000000002ed1       0x6a /home/sl/projects/stm32-blink/libopencm3/lib/libopencm3_stm32f1.a(vector.o)
 .debug_macro   0x0000000000002f3b      0x1a2 /home/sl/projects/stm32-blink/libopencm3/lib/libopencm3_stm32f1.a(vector.o)
 .debug_macro   0x00000000000030dd       0x7b /home/sl/projects/stm32-blink/libopencm3/lib/libopencm3_stm32f1.a(assert.o)
 .debug_macro   0x0000000000003158       0xba /home/sl/projects/stm32-blink/libopencm3/lib/libopencm3_stm32f1.a(flash.o)
